^^^^^^^^^^^^^^^^^^^^^^^^^^^^^^^^^^^^^^^^^^^^^^^^^^^^^^^^^^^^^^^^^^^^^^
Turing G5 Xserve Cluster, Computational Science and Engineering, UIUC
^^^^^^^^^^^^^^^^^^^^^^^^^^^^^^^^^^^^^^^^^^^^^^^^^^^^^^^^^^^^^^^^^^^^^^
Thu Feb 10 12:58:22 CST 2005
JobID: 5282.turing-2.turing.uiuc.edu  Mother Node: [16-09]

Warning: no access to tty (Bad file descriptor).
Thus no job control in this shell.

rjq> Running 'pimc++' on 2 processors/1 nodes:

pimc++ v. 
pimc++ v. 
bbefore subset.
before MPI_Comm_group
MPI_Group_incl
before  MPI_Comm_create
ranks = 2
 [         0         1  ]
after  MPI_Comm_create
after subset.
Finished PathData Read.
WARNING! 2.0 IS NOT A NUMBER!Using periodic boundary conditions.
we have this many sections: 1
Finished Path read.
MaxLevels = 2
Not using RPA for long range action.
SQUARER
10.
7
3
N is 3
I'm reading the potential
995106
887223
790671
704299
627073
558056
496405
441361
392239
348423
309358
274546
243539
215933
191369
169520
150096
132836
117507
103899
91823.8
81114.6
71621.2
63209.4
55759.3
49163.9
43327.6
38165.1
33600.4
29565.7
26000.8
22852.2
20072.4
17619.1
15455.1
13547.2
11865.9
10385.2
9082
7935.76
6928.28
6043.39
5266.77
4585.69
3988.87
3466.3
3009.12
2609.48
2260.42
1955.8
1690.19
1458.8
1257.39
1082.23
930.046
797.946
683.391
584.149
498.262
424.015
359.901
304.605
256.973
215.998
180.8
150.611
124.76
102.665
83.815
67.769
54.1416
42.5986
32.8496
24.6428
17.7598
12.0116
7.23459
3.28746
0.0480489
-2.58899
-4.71447
-6.40656
-7.73246
-8.74993
-9.50846
-10.0505
-10.4122
-10.6247
-10.7143
-10.7034
-10.6112
-10.4537
-10.2446
-9.99537
-9.71564
-9.41348
-9.0956
-8.76758
-8.43399
-8.0986
-7.76446
-7.43403
-7.10925
-6.79166
-6.48243
-6.18243
-5.8923
-5.61244
-5.34313
-5.08447
-4.83646
-4.59902
-4.37199
-4.15515
-3.94823
-3.75095
-3.56299
-3.38401
-3.21366
-3.05161
-2.8975
-2.75098
-2.6117
-2.47934
-2.35357
-2.23406
-2.12051
-2.01262
-1.91011
-1.81271
-1.72016
-1.63232
-1.54902
-1.46999
-1.39499
-1.3238
-1.25619
-1.19198
-1.13096
-1.07296
-1.01782
-0.965368
-0.915466
-0.867971
-0.82275efore subset.
before MPI_Comm_group
MPI_Group_incl
before  MPI_Comm_create
ranks = 2
 [         0         1  ]
after  MPI_Comm_create
after subset.
Finished PathData Read.
WARNING! 2.0 IS NOT A NUMBER!Using periodic boundary conditions.
we have this many sections: 1
Finished Path read.
MaxLevels = 2
Not using RPA for long range action.
SQUARER
10.
7
3
N is 3
I'm reading the potential
995106
887223
790671
704299
627073
558056
496405
441361
392239
348423
309358
274546
243539
215933
191369
169520
150096
132836
117507
103899
91823.8
81114.6
71621.2
63209.4
55759.3
49163.9
43327.6
38165.1
33600.4
29565.7
26000.8
22852.2
20072.4
17619.1
15455.1
13547.2
11865.9
10385.2
9082
7935.76
6928.28
6043.39
5266.77
4585.69
3988.87
3466.3
3009.12
2609.48
2260.42
1955.8
1690.19
1458.8
1257.39
1082.23
930.046
797.946
683.391
584.149
498.262
424.015
359.901
304.605
256.973
215.998
180.8
150.611
124.76
102.665
83.815
67.769
54.1416
42.5986
32.8496
24.6428
17.7598
12.0116
7.23459
3.28746
0.0480489
-2.58899
-4.71447
-6.40656
-7.73246
-8.74993
-9.50846
-10.0505
-10.4122
-10.6247
-10.7143
-10.7034
-10.6112
-10.4537
-10.2446
-9.99537
-9.71564
-9.41348
-9.0956
-8.76758
-8.43399
-8.0986
-7.76446
-7.43403
-7.10925
-6.79166
-6.48243
-6.18243
-5.8923
-5.61244
-5.34313
-5.08447
-4.83646
-4.59902
-4.37199
-4.15515
-3.94823
-3.75095
-3.56299
-3.38401
-3.21366
-3.05161
-2.8975
-2.75098
-2.6117
-2.47934
-2.35357
-2.23406
-2.12051
-2.01262
-1.91011
-1.81271
-1.72016
-1.63232
-1.54902
-1.46999
-1.39499
-1.3238
-1.25619
-1.19198
-1.13096
-1.07296
-1.01782
-0.965368
-0.915466
-0.867971
-0.822753
-0.779689
-0.738662
-0.699564
-0.662291
-0.626748
-0.592843
-0.560491
-0.52961
-0.500125
-0.471963
-0.445058
-0.419346
-0.394766
-0.371261
-0.348779
-0.327268
-0.30668
-0.28697
-0.268097
-0.250018
-0.232696
-0.216095
-0.200181
-0.184921
-0.170284
-0.156242
-0.142767
-0.129833
-0.117414
-0.105488
-0.0940327
-0.0830261
-0.0724484
-0.0622807
-0.0525047
-0.0431032
-0.0340599
-0.0253592
-0.0169862
-0.00892691
-0.00116787
0
0
0
0
0
0
0
0
0
0
0
0
0
0
0
0
0
0
0
0
0
0
0
0
0
0
0
0
0
0
0
0
0
0
0
0
0
0
0
0
0
0
0
0
0
0
0
0
0
0
0
0
0
0
0
0
0
0
0
0
0
0
0
0
done
NumTau is7
NumTau is7
NumTau is7
3
-0.779689
-0.738662
-0.699564
-0.662291
-0.626748
-0.592843
-0.560491
-0.52961
-0.500125
-0.471963
-0.445058
-0.419346
-0.394766
-0.371261
-0.348779
-0.327268
-0.30668
-0.28697
-0.268097
-0.250018
-0.232696
-0.216095
-0.200181
-0.184921
-0.170284
-0.156242
-0.142767
-0.129833
-0.117414
-0.105488
-0.0940327
-0.0830261
-0.0724484
-0.0622807
-0.0525047
-0.0431032
-0.0340599
-0.0253592
-0.0169862
-0.00892691
-0.00116787
0
0
0
0
0
0
0
0
0
0
0
0
0
0
0
0
0
0
0
0
0
0
0
0
0
0
0
0
0
0
0
0
0
0
0
0
0
0
0
0
0
0
0
0
0
0
0
0
0
0
0
0
0
0
0
0
0
0
0
0
0
0
0
0
done
NumTau is7
NumTau is7
NumTau is7
NumTau is7
The largest and smallest tau are respectively0.1 0.0015625
NMAX is 0
Current tau is 0.0015625 0
Current tau is 0.003125 1
Current tau is 0.00625 2
Current tau is 0.0125 3
Current tau is 0.025 4
The tau I've chosen is 0.025Current tau is 0.05 5
Current tau is 0.1 6
I'm about ot actually initialize dukj now!
My tau is 0.2
The largest and smallest tau are rNumTau is7
The largest and smallest tau are respectively0.1 0.0015625
NMAX is 0
Current tau is 0.0015625 0
Current tau is 0.003125 1
Current tau is 0.00625 2
Current tau is 0.0125 3
Current tau is 0.025 4
The tau I've chosen is 0.025Current tau is 0.05 5
Current tau is 0.1 6
I'm about ot actually initialize dukj now!
My tau is 0.2
The espectively0.1 0.0015625
NMAX is 1
largest and smallest tau are respectively0.1 0.0015625
NMAX is 1
Current tau is 0.0015625 0
Current tau is 0.003125 1
Current tau is 0.00625 2
Current tau is 0.0125 3
Current tau is 0.025 4
The tau I've chosen is 0.025Current tau is 0.05 5
Current tau is 0.1 6
I'm about ot actually initialize dukj now!
My tau is 0.2
Current tau is 0.0015625 0
Current tau is 0.003125 1
Current tau is 0.00625 2
Current tau is 0.0125 3
Current tau is 0.025 4
The tau I've chosen is 0.025Current tau is 0.05 5
Current tau is 0.1 6
I'm about ot actually initialize dukj now!
My tau is 0.2
The largest and smallest tau are respectively0.1 0.0015625
NMAX is 2
Current tau is 0.0015625 0
Current tau is 0.003125 1
Current tau is 0.00625 2
Current tau is 0.0125 3
Current tau is 0.025 4
The tau I've chosen is 0.025Current tau is 0.05 5
Current tau is 0.1 6
I'm about ot actually initialize dukj now!
My tau is 0.2
The largest and smallest tau are respectively0.1 0.0015625
NMAX is 3
The largest and smallest tau are respectively0.1 0.0015625
NMAX is 2
Current tau is 0.0015625 0
Current tau is 0.003125 1
Current tau is 0.00625 2
Current tau is 0.0125 3
Current tau is 0.025 4
The tau I've chosen is 0.025Current tau is 0.05 5
Current tau is 0.1 6
I'm about ot actually initialize dukj now!
My tau is 0.2
The largest and smallest tau are respectively0.1 0.0015625
NMAX is 3
Current tau is 0.0015625 0
Current tau is 0.003125 1
Current tau is 0.00625 2
Current tau is 0.0125 3
Current tau is 0.025 4
The tau I've chosen is 0.025Current tau is 0.05 5
Current tau is 0.1 6
I'm about ot actually initialize dukj now!
My tau is 0.2
I've FINALLY CHOSEN A TAU OF 0.025TauPos is 4
Found PAfile for pair (He, He)
Finished reading the action.
Finished Actions read.
0000000000000000000000000000011111111111111111111111111111222222222222222222222222222223333333333333333333333333333344444444444444444444444444444555555555555555555555555555556666666666666666666666666666677777777777777777777777777777888888888888888888888888888889999999999999999999999999999910101010101010101010101010101010101010101010101010101010101111111111111111111111111111111111111111111111111111111111121212121212121212121212121212121212121212121212121212121213131313131313131313131313131313131313131313131313131313131414141414141414141414141414141414141414141414141414141414151515151515151515151515151515151515151515151515151515151516161616161616161616161616161616161616161616161616161616161717171717171717171717171717171717171717171717171717171717181818181818181818181818181818181818181818181818181818181819191919191919191919191919191919191919191919191919191919192020202020202020202020202020202020202020202020202020202020212121212121212121212121212121212121212121212121212121212122222222222222222222222222222222222222222222222222222222222323232323232323232323232323232323232323232323232323232323242424242424242424242424242424242424242424242424242424242425252525252525252525252525252525252525252525252525252525252626262626262626262626262626262626262626262626262626262626272727272727272727272727272727272727272727272727272727272728282828282828282828282828282828282828282828282828282828282929292929292929292929292929292929292929292929292929292929303030303030303030303030303030303030303030303030303030303031313131313131313131313131313131313131313131313131313131313232323232323232323232323232323232323232323232323232323232333333333333333333333333333333333333333333333333333333333334343434343434343434343434343434343434343434343434343434343535353535353535353535353535353535353535353535353535353535363636363636363636363636363636363636363636363636363636363637373737373737373737373737373737373737373737373737373737373838383838383838383838383838383838383838383838383838383838393939393939393939393939393939393939393939393939393939393940404040404040404040404040404040404040404040404040404040404141414141414141414141414141414141414141414141414141414141424242424242424242424242424242424242424242424242424242424243434343434343434343434343434343434343434343434343434343434444444444444444444444444444444444444444444444444444444444454545454545454545454545454545454545454545454545454545454546464646464646464646464646464646464646464646464646464646464747474747474747474747474747474747474747474747474747474747484848484848484848484848484848484848484848484848484848484849494949494949494949494949494949494949494949494949494949495050505050505050505050505050505050505050505050505050505050515151515151515151515151515151515151515151515151515151515152525252525252525252525252525252525252525252525252525252525353535353535353535353535353535353535353535353535353535353545454545454545454545454545454545454545454545454545454545455555555555555555555555555555555555555555555555555555555555656565656565656565656565656565656565656565656565656565656575757575757575757575757575757575757575757575757575757575758585858585858585858585858585858585858585858585858585858585959595959595959595959595959595959595959595959595959595959606060606060606060606060606060606060606060606060606060606061616161616161616161616161616161616161616161616161616161616262626262626262626262626262626262626262626262626262626262636363636363636363636363636363636363636363636363636363636364646464646464646464646464646464646464646464646464646464646565656565656565656565656565656565656565656565656565656565666666666666666666666666666666666666666666666666666666666667676767676767676767676767676767676767676767676767676767676868686868686868686868686868686868686868686868686868686868696969696969696969696969696969696969696969696969696969696970707070707070707070707070707070707070707070707070707070707171717171717171717171717171717171717171717171717171717171727272727272727272727272727272727272727272727272727272727273737373737373737373737373737373737373737373737373737373737474747474747474747474747474747474747474747474747474747474757575757575757575757575757575757575757575757575757575757576767676767676767676767676767676767676Current tau is 0.0015625 0
Current tau is 0.003125 1
Current tau is 0.00625 2
Current tau is 0.0125 3
Current tau is 0.025 4
The tau I've chosen is 0.025Current tau is 0.05 5
Current tau is 0.1 6
I'm about ot actually initialize dukj now!
My tau is 0.2
I've FINALLY CHOSEN A TAU OF 0.025TauPos is 4
Found PAfile for pair (He, He)
Finished reading the action.
Finished Actions read.
0000000000000000000000000000011111111111111111111111111111222222222222222222222222222223333333333333333333333333333344444444444444444444444444444555555555555555555555555555556666666666666666666666666666677777777777777777777777777777888888888888888888888888888889999999999999999999999999999910101010101010101010101010101010101010101010101010101010101111111111111111111111111111111111111111111111111111111111121212121212121212121212121212121212121212121212121212121213131313131313131313131313131313131313131313131313131313131414141414141414141414141414141414141414141414141414141414151515151515151515151515151515151515151515151515151515151516161616161616161616161616161616161616161616161616161616161717171717171717171717171717171717171717171717171717171717181818181818181818181818181818181818181818181818181818181819191919191919191919191919191919191919191919191919191919192020202020202020202020202020202020202020202020202020202020212121212121212121212121212121212121212121212121212121212122222222222222222222222222222222222222222222222222222222222323232323232323232323232323232323232323232323232323232323242424242424242424242424242424242424242424242424242424242425252525252525252525252525252525252525252525252525252525252626262626262626262626262626262626262626262626262626262626272727272727272727272727272727272727272727272727272727272728282828282828282828282828282828282828282828282828282828282929292929292929292929292929292929292929292929292929292929303030303030303030303030303030303030303030303030303030303031313131313131313131313131313131313131313131313131313131313232323232323232323232323232323232323232323232323232323232333333333333333333333333333333333333333333333333333333333334343434343434343434343434343434343434343434343434343434343535353535353535353535353535353535353535353535353535353535363636363636363636363636363636363636363636363636363636363637373737373737373737373737373737373737373737373737373737373838383838383838383838383838383838383838383838383838383838393939393939393939393939393939393939393939393939393939393940404040404040404040404040404040404040404040404040404040404141414141414141414141414141414141414141414141414141414141424242424242424242424242424242424242424242424242424242424243434343434343434343434343434343434343434343434343434343434444444444444444444444444444444444444444444444444444444444454545454545454545454545454545454545454545454545454545454546464646464646464646464646464646464646464646464646464646464747474747474747474747474747474747474747474747474747474747484848484848484848484848484848484848484848484848484848484849494949494949494949494949494949494949494949494949494949495050505050505050505050505050505050505050505050505050505050515151515151515151515151515151515151515151515151515151515152525252525252525252525252525252525252525252525252525252525353535353535353535353535353535353535353535353535353535353545454545454545454545454545454545454545454545454545454545455555555555555555555555555555555555555555555555555555555555656565656565656565656565656565656565656565656565656565656575757575757575757575757575757575757575757575757575757575758585858585858585858585858585858585858585858585858585858585959595959595959595959595959595959595959595959595959595959606060606060606060606060606060606060606060606060606060606061616161616161616161616161616161616161616161616161616161616262626262626262626262626262626262626262626262626262626262636363636363636363636363636363636363636363636363636363636364646464646464646464646464646464646464646464646464646464646565656565656565656565656565656565656565656565656565656565666666666666666666666666666666666666666666666666666666666667676767676767676767676767676767676767676767676767676767676868686868686868686868686868686868686868686868686868686868696969696969696969696969696969696969696969696969696969696970707070707070707070707070707070707070707070707070707070707171717171717171717171717171717171717171717171717171717171727272727272727272727272727272727272727272727272727272727273737373737373737373737373737373737373737373737373737373737474747474747474747474747474747474747474747474747474747474757575757575757575757575757575757575757575757575757575757576767676767676767676767676767676767676767676767676767676767777777777777777777777777777777777777777777777777777777777787878787878787878787878787878787878787878787878787878787879797979797979797979797979797979797979797979797979797979798080808080808080808080808080808080808080808080808080808080818181818181818181818181818181818181818181818181818181818182828282828282828282828282828282828282828282828282828282828383838383838383838383838383838383838383838383838383838383848484848484848484848484848484848484848484848484848484848485858585858585858585858585858585858585858585858585858585858686868686868686868686868686868686868686868686868686868686878787878787878787878787878787878787878787878787878787878788888888888888888888888888888888888888888888888888888888888989898989898989898989898989898989898989898989898989898989909090909090909090909090909767676767676767676767777777777777777777777777777777777777777777777777777777777787878787878787878787878787878787878787878787878787878787879797979797979797979797979797979797979797979797979797979798080808080808080808080808080808080808080808080808080808080818181818181818181818181818181818181818181818181818181818182828282828282828282828282828282828282828282828282828282828383838383838383838383838383838383838383838383838383838383848484848484848484848484848484848484848484848484848484848485858585858585858585858585858585858585858585858585858585858686868686868686868686868686868686868686868686868686868686878787878787878787878787878787878787878787878787878787878788888888888888888888888888888888888888888888888888888888090909090909090909090909090909091919191919191919191919191919191919191919191919191919191919292929292929292929292929292929292929292929292929292929292939393939393939393939393939393939393939393939393939393939394949494949494949494949494949494949494949494949494949494949595959595959595959595959595959595959595959595959595959595StructureFactor.cc:36: failed assertion `in.ReadVar("kCutoff",PathData.Path.kCutoff)'
888989898989898989898989898989898989898989898989898989898989909090909090909090909090909090909090909090909090909090909091919191919191919191919191919191919191919191919191919191919292929292929292929292929292929292929292929292929292929292939393939393939393939393939393939393939393939393939393939394949494949494949494949494949494949494949494949494949494949595959595959595959595959595959595959595959595959595959595StructureFactor.cc:36: failed assertion `in.ReadVar("kCutoff",PathData.Path.kCutoff)'


rj> pimc++ returned 0

rj> Clean up leftovers ...
Thu Feb 10 12:58:30 CST 2005
JobID 5282.turing-2.turing.uiuc.edu Status:
N:helium_test Q:batch U:bkclark G:staff
Resources Requested: nodes=1:ppn=2:myr,walltime=20:00:00
Resources Utilized:  cput=00:00:02,mem=0kb,vmem=0kb,walltime=00:00:08
1 Nodes:
[16-09]
^^^^^^^^^^^^^^^^^^^^^^^^^^^^^^^^^^^^^^^^^^^^^^^^^^^^^^^^^^^^^^^^^^^^^^
Turing G5 Xserve Cluster, Computational Science and Engineering, UIUC
^^^^^^^^^^^^^^^^^^^^^^^^^^^^^^^^^^^^^^^^^^^^^^^^^^^^^^^^^^^^^^^^^^^^^^
